first  second  third
first second third
first
first
second
second
third
third
