hfiofddhfjkadhfkldhsfkdfjkhsdfhdghdflghdflghdflghjf gdfghdflg g g g g g d f df d f d fgdf g g g h g h gh f d fh gh g hd h g h g h gh g h h g h gh g h g h gh g h g h g hgh gh g hg h g h gh g h d h dg h g h gh df g h d hd h df g h fgh g gh h gd f h dgh g fd h g h gh g d h gdf h fgh gfh gfdh fgdh gd h gdf h g dfh gd gh hg fh d h g df dgh g h h h h h h h h h h h h hh h h h h h h h h h h h h h h h hh h h h h h h h h h h h h h h hh
