This is the first command
This is the second command
