Operators can likely be used to serve as ifs
This should print, and is equivalent to
this second if expression.
