pairs list:
0
2
4
6
8
10

impairs list:
1
3
5
7
9
