hello my name is barbora and this is my group for the 42sh project here at epita
woo
