 _________________
|  ___       ___  |
| |_|_|     |_|_| |
| |_|_|     |_|_| |
|  ___       ___  |
| |_|_|     |_|_| |
| |_|_|     |_|_| |
|  ___       ___  |
| |_|_|     |_|_| |
| |_|_|     |_|_| |
|                 |
|        _        |
|       | |       |
|       | |       |
|_______| |_______|
