ahoj='echo ahoj'
caca='echo caca'
coco='echo coco'
