caca='echo caca'
coco='echo coco'
coco='echo coco'
